[2026-05-23 16:08:08] INFO: 系统启动
[2026-05-23 16:08:08] WARN: 磁盘使用率超过80%
[2026-05-23 16:08:08] ERROR: 连接数据库失败
